---
source: src/bootstrap/metrics.rs
expression: report
---
sessions_processed: 3
sessions_skipped: 1
entries_parsed: 42
entries_malformed: 2
turns_reconstructed: 18
candidates_found: 12
facts_created: 8
facts_reinforced: 2
secrets_redacted: 3
memory_files_parsed: 0
memory_files_skipped: 0
events_ingested: 15
outcome_counts:
  success: 5
  failure: 2
  indeterminate: 1
category_counts:
  bug: 3
  decision: 2
  convention: 1
  learning: 2
prewarm_metrics:
  episodic_count: 3
  semantic_count: 3
  procedural_count: 2
  avg_importance: 0.72
