---
source: memory-engine-mcp/tests/depth_shaping.rs
expression: body
---
access_count: 0
base_importance: 0.5
content: Rust is a systems programming language with zero-cost abstractions
fact_type: Semantic
id: 1
importance_score: 0.5
is_pinned: false
last_accessed: "[REDACTED]"
metadata: {}
scope: ""
scope_id: 1
source_event_id: ~
surfaced_at: "[REDACTED]"
t_created: "[REDACTED]"
t_expired: "[REDACTED]"
t_invalid: "[REDACTED]"
t_valid: "[REDACTED]"
