---
source: memory-engine-mcp/tests/depth_shaping.rs
assertion_line: 251
expression: body
---
fact_id: 1
graph_context:
  component_size: 0
  degree: 0
  neighbor_ids: []
provenance:
  access_count: 0
  importance: 0.5
  importance_score: 0.5
  is_pinned: false
  source_event: ~
  source_event_id: ~
scope_path: /
state: Active
