---
source: src/bootstrap/metrics.rs
assertion_line: 157
expression: report
---
sessions_processed: 0
sessions_skipped: 0
entries_parsed: 0
entries_malformed: 0
turns_reconstructed: 0
candidates_found: 0
facts_created: 0
events_ingested: 0
outcome_counts:
  success: 0
  failure: 0
  indeterminate: 0
category_counts:
  bug: 0
  decision: 0
  convention: 0
  learning: 0
prewarm_metrics:
  episodic_count: 0
  semantic_count: 0
  procedural_count: 0
  avg_importance: 0
